<html>
<body>
<pre>
<h1>µVision Build Log</h1>
<h2>Tool Versions:</h2>
IDE-Version: ¦ÌVision V5.39.0.0
Copyright (C) 2023 ARM Ltd and ARM Germany GmbH. All rights reserved.
License Information: 1 istery, 1, LIC=X96CK-ZPHDG-JJS6S-LSQ4P-21WVY-2APVQ
 
Tool Versions:
Toolchain:       MDK-ARM Plus  Version: 5.39.0.0
Toolchain Path:  D:\Keil_v5\ARM\ARMCC\Bin
C Compiler:      Armcc.exe V5.06 update 7 (build 960)
Assembler:       Armasm.exe V5.06 update 7 (build 960)
Linker/Locator:  ArmLink.exe V5.06 update 7 (build 960)
Library Manager: ArmAr.exe V5.06 update 7 (build 960)
Hex Converter:   FromElf.exe V5.06 update 7 (build 960)
CPU DLL:         SARMCM3.DLL V5.39.0.0
Dialog DLL:      DCM.DLL V1.17.5.0
Target DLL:      STLink\ST-LINKIII-KEIL_SWO.dll V3.2.0.0
Dialog DLL:      TCM.DLL V1.56.4.0
 
<h2>Project:</h2>
C:\Users\istery\Desktop\STM32F407\prj\prj\MDK-ARM\prj.uvprojx
Project File Date:  07/02/2025

<h2>Output:</h2>
*** Using Compiler 'V5.06 update 7 (build 960)', folder: 'D:\Keil_v5\ARM\ARMCC\Bin'
Rebuild target 'prj'
assembling startup_stm32f407xx.s...
compiling croutine.c...
compiling heap_4.c...
compiling list.c...
compiling stream_buffer.c...
compiling timers.c...
compiling queue.c...
compiling event_groups.c...
compiling tasks.c...
compiling port.c...
compiling stm32f4xx_hal_msp.c...
compiling gpio.c...
compiling stm32f4xx_it.c...
compiling stm32f4xx_hal_gpio.c...
compiling stm32f4xx_hal_timebase_tim.c...
compiling stm32f4xx_hal_rcc.c...
compiling system_stm32f4xx.c...
compiling stm32f4xx_hal.c...
compiling stm32f4xx_hal_pwr.c...
compiling stm32f4xx_hal_flash_ramfunc.c...
compiling stm32f4xx_hal_cortex.c...
compiling stm32f4xx_hal_flash_ex.c...
compiling stm32f4xx_hal_flash.c...
compiling stm32f4xx_hal_exti.c...
compiling stm32f4xx_hal_tim_ex.c...
compiling cmsis_os2.c...
compiling main.c...
compiling stm32f4xx_hal_pwr_ex.c...
compiling stm32f4xx_hal_tim.c...
compiling freertos.c...
compiling stm32f4xx_hal_rcc_ex.c...
compiling stm32f4xx_hal_dma.c...
compiling stm32f4xx_hal_dma_ex.c...
linking...
Program Size: Code=10204 RO-data=496 RW-data=148 ZI-data=20348  
FromELF: creating hex file...
"prj\prj.axf" - 0 Error(s), 0 Warning(s).

<h2>Software Packages used:</h2>

Package Vendor: ARM
                http://www.keil.com/pack/ARM.CMSIS.5.9.0.pack
                ARM::CMSIS@5.9.0
                CMSIS (Common Microcontroller Software Interface Standard)
   * Component: CORE Version: 5.6.0

Package Vendor: Keil
                https://www.keil.com/pack/Keil.STM32F4xx_DFP.2.17.1.pack
                Keil::STM32F4xx_DFP@2.17.1
                STMicroelectronics STM32F4 Series Device Support, Drivers and Examples

<h2>Collection of Component include folders:</h2>
  ./RTE/_prj
  D:/Keilpack/ARM/CMSIS/5.9.0/CMSIS/Core/Include
  D:/Keilpack/Keil/STM32F4xx_DFP/2.17.1/Drivers/CMSIS/Device/ST/STM32F4xx/Include

<h2>Collection of Component Files used:</h2>

   * Component: ARM::CMSIS:CORE@5.6.0
      Include file:  CMSIS/Core/Include/tz_context.h
Build Time Elapsed:  00:00:04
</pre>
</body>
</html>
